Using pre-set license
Built from '6000.0/release' branch; Version is '6000.0.35f1 (9a3bc604008a) revision 10107846'; Using compiler version '193933523'; Build Type 'Release'
OS: 'Windows 11  (10.0.22631) 64bit Core' Language: 'en' Physical Memory: 16194 MB
BatchMode: 1, IsHumanControllingUs: 0, StartBugReporterOnCrash: 0, Is64bit: 1, IsPro: 1

COMMAND LINE ARGUMENTS:
D:\Program Files\Unity\Hub\Editor\6000.0.35f1\Editor\Unity.exe
-adb2
-batchMode
-noUpm
-name
AssetImportWorker3
-projectPath
D:/Github/310O-GameJam/Game Jam
-logFile
Logs/AssetImportWorker3.log
-srvPort
57845
-job-worker-count
5
-background-job-worker-count
8
-gc-helper-count
1
Successfully changed project path to: D:/Github/310O-GameJam/Game Jam
D:/Github/310O-GameJam/Game Jam
[UnityMemory] Configuration Parameters - Can be set up in boot.config
    "memorysetup-bucket-allocator-granularity=16"
    "memorysetup-bucket-allocator-bucket-count=8"
    "memorysetup-bucket-allocator-block-size=33554432"
    "memorysetup-bucket-allocator-block-count=8"
    "memorysetup-main-allocator-block-size=16777216"
    "memorysetup-thread-allocator-block-size=16777216"
    "memorysetup-gfx-main-allocator-block-size=16777216"
    "memorysetup-gfx-thread-allocator-block-size=16777216"
    "memorysetup-cache-allocator-block-size=4194304"
    "memorysetup-typetree-allocator-block-size=2097152"
    "memorysetup-profiler-bucket-allocator-granularity=16"
    "memorysetup-profiler-bucket-allocator-bucket-count=8"
    "memorysetup-profiler-bucket-allocator-block-size=33554432"
    "memorysetup-profiler-bucket-allocator-block-count=8"
    "memorysetup-profiler-allocator-block-size=16777216"
    "memorysetup-profiler-editor-allocator-block-size=1048576"
    "memorysetup-temp-allocator-size-main=16777216"
    "memorysetup-job-temp-allocator-block-size=2097152"
    "memorysetup-job-temp-allocator-block-size-background=1048576"
    "memorysetup-job-temp-allocator-reduction-small-platforms=262144"
    "memorysetup-allocator-temp-initial-block-size-main=262144"
    "memorysetup-allocator-temp-initial-block-size-worker=262144"
    "memorysetup-temp-allocator-size-background-worker=32768"
    "memorysetup-temp-allocator-size-job-worker=262144"
    "memorysetup-temp-allocator-size-preload-manager=33554432"
    "memorysetup-temp-allocator-size-nav-mesh-worker=65536"
    "memorysetup-temp-allocator-size-audio-worker=65536"
    "memorysetup-temp-allocator-size-cloud-worker=32768"
    "memorysetup-temp-allocator-size-gi-baking-worker=262144"
    "memorysetup-temp-allocator-size-gi-baking-worker=262144"
    "memorysetup-temp-allocator-size-gi-baking-worker=262144"
    "memorysetup-temp-allocator-size-gi-baking-worker=262144"
    "memorysetup-temp-allocator-size-gi-baking-worker=262144"
    "memorysetup-temp-allocator-size-gfx=262144"
Player connection [9516]  Target information:

Player connection [9516]  * "[IP] 192.168.4.106 [Port] 0 [Flags] 2 [Guid] 1835336816 [EditorId] 1835336816 [Version] 1048832 [Id] WindowsEditor(7,AR7-Alien) [Debug] 1 [PackageName] WindowsEditor [ProjectName] Editor" 

Player connection [9516]  * "[IP] 192.168.4.121 [Port] 0 [Flags] 2 [Guid] 1835336816 [EditorId] 1835336816 [Version] 1048832 [Id] WindowsEditor(7,AR7-Alien) [Debug] 1 [PackageName] WindowsEditor [ProjectName] Editor" 

Player connection [9516] Host joined multi-casting on [225.0.0.222:54997]...
Player connection [9516] Host joined alternative multi-casting on [225.0.0.222:34997]...
JobSystem: Creating JobQueue using job-worker-count value 5
Input System module state changed to: Initialized.
[Physics::Module] Initialized fallback backend.
[Physics::Module] Id: 0xdecafbad
Library Redirect Path: Library/
[Physics::Module] Selected backend.
[Physics::Module] Name: PhysX
[Physics::Module] Id: 0xf2b8ea05
[Physics::Module] SDK Version: 4.1.2
[Physics::Module] Integration Version: 1.0.0
[Physics::Module] Threading Mode: Multi-Threaded
Refreshing native plugins compatible for Editor in 3.64 ms, found 3 plugins.
Preloading 0 native plugins for Editor in 0.00 ms.
Initialize engine version: 6000.0.35f1 (9a3bc604008a)
[Subsystems] Discovering subsystems at path D:/Program Files/Unity/Hub/Editor/6000.0.35f1/Editor/Data/Resources/UnitySubsystems
[Subsystems] Discovering subsystems at path D:/Github/310O-GameJam/Game Jam/Assets
GfxDevice: creating device client; kGfxThreadingModeNonThreaded
Direct3D:
    Version:  Direct3D 11.0 [level 11.1]
    Renderer: NVIDIA GeForce GTX 1070 (ID=0x1b81)
    Vendor:   NVIDIA
    VRAM:     8067 MB
    Driver:   32.0.15.7283
Initialize mono
Mono path[0] = 'D:/Program Files/Unity/Hub/Editor/6000.0.35f1/Editor/Data/Managed'
Mono path[1] = 'D:/Program Files/Unity/Hub/Editor/6000.0.35f1/Editor/Data/MonoBleedingEdge/lib/mono/unityjit-win32'
Mono config path = 'D:/Program Files/Unity/Hub/Editor/6000.0.35f1/Editor/Data/MonoBleedingEdge/etc'
Using monoOptions --debugger-agent=transport=dt_socket,embedding=1,server=y,suspend=n,address=127.0.0.1:56820
Begin MonoManager ReloadAssembly
Registering precompiled unity dll's ...
Register platform support module: D:/Program Files/Unity/Hub/Editor/6000.0.35f1/Editor/Data/PlaybackEngines/WebGLSupport/UnityEditor.WebGL.Extensions.dll
Register platform support module: D:/Program Files/Unity/Hub/Editor/6000.0.35f1/Editor/Data/PlaybackEngines/WindowsStandaloneSupport/UnityEditor.WindowsStandalone.Extensions.dll
Registered in 0.011698 seconds.
- Loaded All Assemblies, in  0.770 seconds
Native extension for WindowsStandalone target not found
Native extension for WebGL target not found
Mono: successfully reloaded assembly
- Finished resetting the current domain, in  0.564 seconds
Domain Reload Profiling: 1321ms
	BeginReloadAssembly (274ms)
		ExecutionOrderSort (0ms)
		DisableScriptedObjects (0ms)
		BackupInstance (0ms)
		ReleaseScriptingObjects (0ms)
		CreateAndSetChildDomain (2ms)
	RebuildCommonClasses (62ms)
	RebuildNativeTypeToScriptingClass (18ms)
	initialDomainReloadingComplete (98ms)
	LoadAllAssembliesAndSetupDomain (304ms)
		LoadAssemblies (262ms)
		RebuildTransferFunctionScriptingTraits (0ms)
		AnalyzeDomain (297ms)
			TypeCache.Refresh (294ms)
				TypeCache.ScanAssembly (266ms)
			BuildScriptInfoCaches (0ms)
			ResolveRequiredComponents (1ms)
	FinalizeReload (565ms)
		ReleaseScriptCaches (0ms)
		RebuildScriptCaches (0ms)
		SetupLoadedEditorAssemblies (485ms)
			LogAssemblyErrors (0ms)
			InitializePlatformSupportModulesInManaged (41ms)
			SetLoadedEditorAssemblies (7ms)
			BeforeProcessingInitializeOnLoad (92ms)
			ProcessInitializeOnLoadAttributes (249ms)
			ProcessInitializeOnLoadMethodAttributes (95ms)
			AfterProcessingInitializeOnLoad (0ms)
			EditorAssembliesLoaded (0ms)
		ExecutionOrderSort2 (0ms)
		AwakeInstancesAfterBackupRestoration (0ms)
========================================================================
Worker process is ready to serve import requests
Import Worker Mode flag is 0x00
Begin MonoManager ReloadAssembly
Duplicate assembly 'log4net.dll' with different versions detected, using 'Packages/com.unity.package-validation-suite/Lib/Editor/log4net.dll, AssemblyName=log4net, Version=2.0.8.0, Culture=neutral, PublicKeyToken=669e0ddf0bb1aa2a' and ignoring 'Packages/com.unity.collab-proxy/Lib/Editor/log4netPlastic.dll, AssemblyName=log4net, Version=1.2.15.0, Culture=neutral, PublicKeyToken=669e0ddf0bb1aa2a'.- Loaded All Assemblies, in  1.554 seconds
Refreshing native plugins compatible for Editor in 3.46 ms, found 3 plugins.
Native extension for WindowsStandalone target not found
Native extension for WebGL target not found
Mono: successfully reloaded assembly
- Finished resetting the current domain, in  1.282 seconds
Domain Reload Profiling: 2810ms
	BeginReloadAssembly (323ms)
		ExecutionOrderSort (0ms)
		DisableScriptedObjects (11ms)
		BackupInstance (0ms)
		ReleaseScriptingObjects (0ms)
		CreateAndSetChildDomain (44ms)
	RebuildCommonClasses (67ms)
	RebuildNativeTypeToScriptingClass (19ms)
	initialDomainReloadingComplete (91ms)
	LoadAllAssembliesAndSetupDomain (1027ms)
		LoadAssemblies (838ms)
		RebuildTransferFunctionScriptingTraits (0ms)
		AnalyzeDomain (398ms)
			TypeCache.Refresh (300ms)
				TypeCache.ScanAssembly (269ms)
			BuildScriptInfoCaches (70ms)
			ResolveRequiredComponents (20ms)
	FinalizeReload (1283ms)
		ReleaseScriptCaches (0ms)
		RebuildScriptCaches (0ms)
		SetupLoadedEditorAssemblies (988ms)
			LogAssemblyErrors (0ms)
			InitializePlatformSupportModulesInManaged (5ms)
			SetLoadedEditorAssemblies (8ms)
			BeforeProcessingInitializeOnLoad (197ms)
			ProcessInitializeOnLoadAttributes (599ms)
			ProcessInitializeOnLoadMethodAttributes (154ms)
			AfterProcessingInitializeOnLoad (25ms)
			EditorAssembliesLoaded (0ms)
		ExecutionOrderSort2 (0ms)
		AwakeInstancesAfterBackupRestoration (14ms)
Launched and connected shader compiler UnityShaderCompiler.exe after 0.02 seconds
Refreshing native plugins compatible for Editor in 3.79 ms, found 3 plugins.
Preloading 0 native plugins for Editor in 0.00 ms.
Unloading 216 Unused Serialized files (Serialized files now loaded: 0)
Unloading 6236 unused Assets / (7.2 MB). Loaded Objects now: 6893.
Memory consumption went from 164.0 MB to 156.8 MB.
Total: 20.822000 ms (FindLiveObjects: 1.308800 ms CreateObjectMapping: 2.074100 ms MarkObjects: 10.450200 ms  DeleteObjects: 6.986800 ms)

========================================================================
Received Import Request.
  Time since last request: 224481.679327 seconds.
  path: Assets/Low_poly_Kitchen_set/Built_in/prefeb/cloth.prefab
  artifactKey: Guid(625f3708ec42fe442981b5420020eba0) Importer(815301076,1909f56bfc062723c751e8b465ee728b)
Start importing Assets/Low_poly_Kitchen_set/Built_in/prefeb/cloth.prefab using Guid(625f3708ec42fe442981b5420020eba0) Importer(815301076,1909f56bfc062723c751e8b465ee728b) (PreviewImporter) -> (artifact id: 'c8cb70a1ce31556a4956720bc7915169') in 5.9044697 seconds
Number of updated asset objects reloaded before import = 0Number of asset objects unloaded after import = 22

========================================================================
Received Prepare
Refreshing native plugins compatible for Editor in 3.91 ms, found 3 plugins.
Preloading 0 native plugins for Editor in 0.00 ms.
Unloading 38 Unused Serialized files (Serialized files now loaded: 0)
Unloading 6229 unused Assets / (6.4 MB). Loaded Objects now: 7048.
Memory consumption went from 148.5 MB to 142.1 MB.
Total: 21.701700 ms (FindLiveObjects: 1.063800 ms CreateObjectMapping: 1.636400 ms MarkObjects: 13.337300 ms  DeleteObjects: 5.663100 ms)

Prepare: number of updated asset objects reloaded= 0
========================================================================
Received Prepare
Begin MonoManager ReloadAssembly
Duplicate assembly 'log4net.dll' with different versions detected, using 'Packages/com.unity.package-validation-suite/Lib/Editor/log4net.dll, AssemblyName=log4net, Version=2.0.8.0, Culture=neutral, PublicKeyToken=669e0ddf0bb1aa2a' and ignoring 'Packages/com.unity.collab-proxy/Lib/Editor/log4netPlastic.dll, AssemblyName=log4net, Version=1.2.15.0, Culture=neutral, PublicKeyToken=669e0ddf0bb1aa2a'.- Loaded All Assemblies, in  1.148 seconds
Refreshing native plugins compatible for Editor in 2.96 ms, found 3 plugins.
Native extension for WindowsStandalone target not found
Native extension for WebGL target not found
Mono: successfully reloaded assembly
- Finished resetting the current domain, in  1.139 seconds
Domain Reload Profiling: 2272ms
	BeginReloadAssembly (319ms)
		ExecutionOrderSort (0ms)
		DisableScriptedObjects (25ms)
		BackupInstance (0ms)
		ReleaseScriptingObjects (0ms)
		CreateAndSetChildDomain (65ms)
	RebuildCommonClasses (52ms)
	RebuildNativeTypeToScriptingClass (14ms)
	initialDomainReloadingComplete (42ms)
	LoadAllAssembliesAndSetupDomain (705ms)
		LoadAssemblies (655ms)
		RebuildTransferFunctionScriptingTraits (0ms)
		AnalyzeDomain (222ms)
			TypeCache.Refresh (13ms)
				TypeCache.ScanAssembly (1ms)
			BuildScriptInfoCaches (193ms)
			ResolveRequiredComponents (13ms)
	FinalizeReload (1140ms)
		ReleaseScriptCaches (0ms)
		RebuildScriptCaches (0ms)
		SetupLoadedEditorAssemblies (821ms)
			LogAssemblyErrors (0ms)
			InitializePlatformSupportModulesInManaged (4ms)
			SetLoadedEditorAssemblies (8ms)
			BeforeProcessingInitializeOnLoad (218ms)
			ProcessInitializeOnLoadAttributes (492ms)
			ProcessInitializeOnLoadMethodAttributes (77ms)
			AfterProcessingInitializeOnLoad (21ms)
			EditorAssembliesLoaded (0ms)
		ExecutionOrderSort2 (0ms)
		AwakeInstancesAfterBackupRestoration (22ms)
Refreshing native plugins compatible for Editor in 3.94 ms, found 3 plugins.
Preloading 0 native plugins for Editor in 0.00 ms.
Unloading 47 Unused Serialized files (Serialized files now loaded: 0)
Unloading 6235 unused Assets / (7.2 MB). Loaded Objects now: 6941.
Memory consumption went from 159.2 MB to 151.9 MB.
Total: 18.539600 ms (FindLiveObjects: 1.022600 ms CreateObjectMapping: 1.821300 ms MarkObjects: 9.968800 ms  DeleteObjects: 5.724900 ms)

Prepare: number of updated asset objects reloaded= 0
========================================================================
Received Import Request.
  Time since last request: 354.762331 seconds.
  path: Assets/Interaction System/Toaster/Canon.cs
  artifactKey: Guid(3cd599a85bcb6cf4e91984da16859c98) Importer(815301076,1909f56bfc062723c751e8b465ee728b)
Start importing Assets/Interaction System/Toaster/Canon.cs using Guid(3cd599a85bcb6cf4e91984da16859c98) Importer(815301076,1909f56bfc062723c751e8b465ee728b) (PreviewImporter) -> (artifact id: 'c9555705c92f87786ac9d8d2b201e3d8') in 0.0143044 seconds
Number of updated asset objects reloaded before import = 0Number of asset objects unloaded after import = 0

========================================================================
Received Import Request.
  Time since last request: 527.872678 seconds.
  path: Assets/Yodah_the_Cat/Stylized bread serving/Build-In/Prefabs/Basket.prefab
  artifactKey: Guid(1b328a4f4a522314e9f208887b9f32c6) Importer(815301076,1909f56bfc062723c751e8b465ee728b)
Start importing Assets/Yodah_the_Cat/Stylized bread serving/Build-In/Prefabs/Basket.prefab using Guid(1b328a4f4a522314e9f208887b9f32c6) Importer(815301076,1909f56bfc062723c751e8b465ee728b) (PreviewImporter) -> (artifact id: 'b22a8ed89ea0cd63ce8090622688198d') in 0.8917815 seconds
Number of updated asset objects reloaded before import = 0Number of asset objects unloaded after import = 20

========================================================================
Received Import Request.
  Time since last request: 0.000042 seconds.
  path: Assets/Yodah_the_Cat/Stylized bread serving/Build-In/Prefabs/BunSesame.prefab
  artifactKey: Guid(bdf45d90634f2694081c899dd8e5a86b) Importer(815301076,1909f56bfc062723c751e8b465ee728b)
Start importing Assets/Yodah_the_Cat/Stylized bread serving/Build-In/Prefabs/BunSesame.prefab using Guid(bdf45d90634f2694081c899dd8e5a86b) Importer(815301076,1909f56bfc062723c751e8b465ee728b) (PreviewImporter) -> (artifact id: '356f369a9569d9be0fd32f1e9d7ad4a5') in 0.0605521 seconds
Number of updated asset objects reloaded before import = 0Number of asset objects unloaded after import = 18

========================================================================
Received Import Request.
  Time since last request: 0.000074 seconds.
  path: Assets/Yodah_the_Cat/Stylized bread serving/Build-In/Prefabs/WhiteBread.prefab
  artifactKey: Guid(47b88444244ccad4da2f2f66ba10abb1) Importer(815301076,1909f56bfc062723c751e8b465ee728b)
Start importing Assets/Yodah_the_Cat/Stylized bread serving/Build-In/Prefabs/WhiteBread.prefab using Guid(47b88444244ccad4da2f2f66ba10abb1) Importer(815301076,1909f56bfc062723c751e8b465ee728b) (PreviewImporter) -> (artifact id: '47100eafa46db4524303fec902bd4786') in 0.0558243 seconds
Number of updated asset objects reloaded before import = 0Number of asset objects unloaded after import = 18

========================================================================
Received Import Request.
  Time since last request: 0.000032 seconds.
  path: Assets/Yodah_the_Cat/Stylized bread serving/Build-In/Prefabs/WhiteBreadHalf.prefab
  artifactKey: Guid(d63e80076e7c1d84fa825bd69e440ab7) Importer(815301076,1909f56bfc062723c751e8b465ee728b)
Start importing Assets/Yodah_the_Cat/Stylized bread serving/Build-In/Prefabs/WhiteBreadHalf.prefab using Guid(d63e80076e7c1d84fa825bd69e440ab7) Importer(815301076,1909f56bfc062723c751e8b465ee728b) (PreviewImporter) -> (artifact id: '3c590158338007502b629c19a02d03ba') in 0.0436513 seconds
Number of updated asset objects reloaded before import = 0Number of asset objects unloaded after import = 18

========================================================================
Received Import Request.
  Time since last request: 0.000043 seconds.
  path: Assets/Yodah_the_Cat/Stylized bread serving/Build-In/Prefabs/TableCovered.prefab
  artifactKey: Guid(f81ff0f74941ad748b2ee513be8683d6) Importer(815301076,1909f56bfc062723c751e8b465ee728b)
Start importing Assets/Yodah_the_Cat/Stylized bread serving/Build-In/Prefabs/TableCovered.prefab using Guid(f81ff0f74941ad748b2ee513be8683d6) Importer(815301076,1909f56bfc062723c751e8b465ee728b) (PreviewImporter) -> (artifact id: 'a0510ce63b1bc5681bb6c3ae5eb39178') in 0.0378075 seconds
Number of updated asset objects reloaded before import = 0Number of asset objects unloaded after import = 18

========================================================================
Received Import Request.
  Time since last request: 0.000030 seconds.
  path: Assets/Yodah_the_Cat/Stylized bread serving/Build-In/Prefabs/LoafHalf.prefab
  artifactKey: Guid(741f664fe4443d2488c544746ad39597) Importer(815301076,1909f56bfc062723c751e8b465ee728b)
Start importing Assets/Yodah_the_Cat/Stylized bread serving/Build-In/Prefabs/LoafHalf.prefab using Guid(741f664fe4443d2488c544746ad39597) Importer(815301076,1909f56bfc062723c751e8b465ee728b) (PreviewImporter) -> (artifact id: '2c0524453d6de12537bc715992fdc405') in 0.0418752 seconds
Number of updated asset objects reloaded before import = 0Number of asset objects unloaded after import = 18

========================================================================
Received Import Request.
  Time since last request: 0.000023 seconds.
  path: Assets/Yodah_the_Cat/Stylized bread serving/Build-In/Prefabs/Table.prefab
  artifactKey: Guid(a543e9ff7e13e524dbd8c66b28014fa2) Importer(815301076,1909f56bfc062723c751e8b465ee728b)
Start importing Assets/Yodah_the_Cat/Stylized bread serving/Build-In/Prefabs/Table.prefab using Guid(a543e9ff7e13e524dbd8c66b28014fa2) Importer(815301076,1909f56bfc062723c751e8b465ee728b) (PreviewImporter) -> (artifact id: '6933b3ae81ddd537abd6c6d6b4e2915a') in 0.0677178 seconds
Number of updated asset objects reloaded before import = 0Number of asset objects unloaded after import = 18

========================================================================
Received Import Request.
  Time since last request: 0.000024 seconds.
  path: Assets/Yodah_the_Cat/Stylized bread serving/Build-In/Prefabs/BrownBread.prefab
  artifactKey: Guid(ad2d1dd4c905e184c8600b89e9d62be1) Importer(815301076,1909f56bfc062723c751e8b465ee728b)
Start importing Assets/Yodah_the_Cat/Stylized bread serving/Build-In/Prefabs/BrownBread.prefab using Guid(ad2d1dd4c905e184c8600b89e9d62be1) Importer(815301076,1909f56bfc062723c751e8b465ee728b) (PreviewImporter) -> (artifact id: 'fc709f167b1951f0fba776f2620c19ca') in 0.0411352 seconds
Number of updated asset objects reloaded before import = 0Number of asset objects unloaded after import = 18

========================================================================
Received Import Request.
  Time since last request: 0.000041 seconds.
  path: Assets/Yodah_the_Cat/Stylized bread serving/Build-In/Prefabs/BrownBreadHalf.prefab
  artifactKey: Guid(b558be74b5526d44a9cea035b0ed687e) Importer(815301076,1909f56bfc062723c751e8b465ee728b)
Start importing Assets/Yodah_the_Cat/Stylized bread serving/Build-In/Prefabs/BrownBreadHalf.prefab using Guid(b558be74b5526d44a9cea035b0ed687e) Importer(815301076,1909f56bfc062723c751e8b465ee728b) (PreviewImporter) -> (artifact id: 'ffaf30631efb969764bb60d7ae3f7231') in 0.0296593 seconds
Number of updated asset objects reloaded before import = 0Number of asset objects unloaded after import = 18

========================================================================
Received Import Request.
  Time since last request: 0.000052 seconds.
  path: Assets/Yodah_the_Cat/Stylized bread serving/Build-In/Prefabs/Bun.prefab
  artifactKey: Guid(3674c63fa5fbd804cb58593e15a52799) Importer(815301076,1909f56bfc062723c751e8b465ee728b)
Start importing Assets/Yodah_the_Cat/Stylized bread serving/Build-In/Prefabs/Bun.prefab using Guid(3674c63fa5fbd804cb58593e15a52799) Importer(815301076,1909f56bfc062723c751e8b465ee728b) (PreviewImporter) -> (artifact id: 'bdfac1c5aeb6b77cc598686aaaa84d5e') in 0.0447947 seconds
Number of updated asset objects reloaded before import = 0Number of asset objects unloaded after import = 18

========================================================================
Received Import Request.
  Time since last request: 0.000030 seconds.
  path: Assets/Yodah_the_Cat/Stylized bread serving/Build-In/Prefabs/CuttingBoard.prefab
  artifactKey: Guid(1a57c474e67f4ea4398b689a9a3a9bfb) Importer(815301076,1909f56bfc062723c751e8b465ee728b)
Start importing Assets/Yodah_the_Cat/Stylized bread serving/Build-In/Prefabs/CuttingBoard.prefab using Guid(1a57c474e67f4ea4398b689a9a3a9bfb) Importer(815301076,1909f56bfc062723c751e8b465ee728b) (PreviewImporter) -> (artifact id: 'e61432bc44858b9984839fcf093caba8') in 0.035516 seconds
Number of updated asset objects reloaded before import = 0Number of asset objects unloaded after import = 18

========================================================================
Received Import Request.
  Time since last request: 0.000055 seconds.
  path: Assets/Yodah_the_Cat/Stylized bread serving/Build-In/Prefabs/Loaf.prefab
  artifactKey: Guid(4248285a4ca62094da4da606d483bff1) Importer(815301076,1909f56bfc062723c751e8b465ee728b)
Start importing Assets/Yodah_the_Cat/Stylized bread serving/Build-In/Prefabs/Loaf.prefab using Guid(4248285a4ca62094da4da606d483bff1) Importer(815301076,1909f56bfc062723c751e8b465ee728b) (PreviewImporter) -> (artifact id: '258af765c3f5f00cc6fa5e3c984a3d06') in 0.030479 seconds
Number of updated asset objects reloaded before import = 0Number of asset objects unloaded after import = 18

========================================================================
Received Import Request.
  Time since last request: 0.000059 seconds.
  path: Assets/Yodah_the_Cat/Stylized bread serving/Build-In/Prefabs/WhiteBreadSlice.prefab
  artifactKey: Guid(b383f5a5399302e4c9a665feac30c23a) Importer(815301076,1909f56bfc062723c751e8b465ee728b)
Start importing Assets/Yodah_the_Cat/Stylized bread serving/Build-In/Prefabs/WhiteBreadSlice.prefab using Guid(b383f5a5399302e4c9a665feac30c23a) Importer(815301076,1909f56bfc062723c751e8b465ee728b) (PreviewImporter) -> (artifact id: 'cf5f918d960ebd58bd2e94888ab9e335') in 0.0285826 seconds
Number of updated asset objects reloaded before import = 0Number of asset objects unloaded after import = 18

========================================================================
Received Import Request.
  Time since last request: 0.000023 seconds.
  path: Assets/Yodah_the_Cat/Stylized bread serving/Build-In/Prefabs/LoafSlice.prefab
  artifactKey: Guid(e9dce2ff12f486a4aad9b2e30d1db57b) Importer(815301076,1909f56bfc062723c751e8b465ee728b)
Start importing Assets/Yodah_the_Cat/Stylized bread serving/Build-In/Prefabs/LoafSlice.prefab using Guid(e9dce2ff12f486a4aad9b2e30d1db57b) Importer(815301076,1909f56bfc062723c751e8b465ee728b) (PreviewImporter) -> (artifact id: '47a9b5782190b6e9e320e75583e1e13c') in 0.0898925 seconds
Number of updated asset objects reloaded before import = 0Number of asset objects unloaded after import = 18

========================================================================
Received Import Request.
  Time since last request: 0.000046 seconds.
  path: Assets/Yodah_the_Cat/Stylized bread serving/Build-In/Prefabs/Knife.prefab
  artifactKey: Guid(4c2a71af4f33a684689a2719e9c3795f) Importer(815301076,1909f56bfc062723c751e8b465ee728b)
Start importing Assets/Yodah_the_Cat/Stylized bread serving/Build-In/Prefabs/Knife.prefab using Guid(4c2a71af4f33a684689a2719e9c3795f) Importer(815301076,1909f56bfc062723c751e8b465ee728b) (PreviewImporter) -> (artifact id: 'acab85562c15877bc4453053cc1f63b7') in 0.0338467 seconds
Number of updated asset objects reloaded before import = 0Number of asset objects unloaded after import = 18

========================================================================
Received Import Request.
  Time since last request: 0.000042 seconds.
  path: Assets/Yodah_the_Cat/Stylized bread serving/Build-In/Prefabs/BrownBreadSlice.prefab
  artifactKey: Guid(560f788393bc58b4b91adeac7070c74a) Importer(815301076,1909f56bfc062723c751e8b465ee728b)
Start importing Assets/Yodah_the_Cat/Stylized bread serving/Build-In/Prefabs/BrownBreadSlice.prefab using Guid(560f788393bc58b4b91adeac7070c74a) Importer(815301076,1909f56bfc062723c751e8b465ee728b) (PreviewImporter) -> (artifact id: '12ae57a201970b073c1efa3e736d8785') in 0.0564155 seconds
Number of updated asset objects reloaded before import = 0Number of asset objects unloaded after import = 18

Editor requested this worker to shutdown with reason: Scaling down because of idle timeout
AssetImportWorker is now disconnected from the server
Process exiting
Exiting without the bug reporter. Application will terminate with return code 0